exports[`Button snapshots 1`] = `
<button
  className=""
  onClick={undefined}
  type="button">
  Give me more
</button>
`;
