// Jest Snapshot v1, https://goo.gl/fbAQLP

exports[` 1`] = `
Object {
  "errMessage": "",
  "genres": Array [],
  "isFetching": false,
}
`;
